python : Creating test database for alias 'default'...
En línea: 1 Carácter: 70
+ ... ge_webapp"; python manage.py test webapp.tests --verbosity=1 2>&1 > t 
...
+                 ~~~~~~~~~~~~~~~~~~~~~~~~~~~~~~~~~~~~~~~~~~~~~~~~~~~~~~~~~
    + CategoryInfo          : NotSpecified: (Creating test d...as 'default'.. 
   .:String) [], RemoteException
    + FullyQualifiedErrorId : NativeCommandError
 

Got an error creating the test database: la base de datos 
┬½test_global_exchange┬╗ ya existe

CELERY BROKER: redis://localhost:6379/0
Found 141 test(s).
